../Core/Src/main.c:87:6:HAL_TIM_PeriodElapsedCallback	16	static
../Core/Src/main.c:94:6:HAL_TIM_IC_CaptureCallback	16	static
../Core/Src/main.c:122:6:readSensor	8	static
../Core/Src/main.c:131:7:getDistanceInCm	16	static
../Core/Src/main.c:139:6:checkForDrone	16	static
../Core/Src/main.c:180:6:send_time_to_outputs	40	static
../Core/Src/main.c:191:6:start_stopwatch	4	static
../Core/Src/main.c:196:6:stop_stopwatch	8	static
../Core/Src/main.c:202:6:send_distance_to_serial	64	static
../Core/Src/main.c:218:5:main	8	static
../Core/Src/main.c:278:6:SystemClock_Config	88	static
../Core/Src/main.c:325:13:MX_I2C1_Init	8	static
../Core/Src/main.c:359:13:MX_TIM2_Init	48	static
../Core/Src/main.c:417:13:MX_TIM3_Init	64	static
../Core/Src/main.c:476:13:MX_USART3_UART_Init	8	static
../Core/Src/main.c:509:13:MX_USB_OTG_FS_PCD_Init	8	static
../Core/Src/main.c:544:13:MX_GPIO_Init	56	static
../Core/Src/main.c:602:6:Error_Handler	4	static,ignoring_inline_asm
