../Core/Src/main.c:78:6:HAL_TIM_PeriodElapsedCallback	16	static
../Core/Src/main.c:85:6:HAL_TIM_IC_CaptureCallback	16	static
../Core/Src/main.c:113:6:readSensor	8	static
../Core/Src/main.c:122:7:getDistanceInCm	16	static
../Core/Src/main.c:130:6:checkForDrone	16	static
../Core/Src/main.c:166:6:send_time_to_serial	32	static
../Core/Src/main.c:172:6:start_stopwatch	4	static
../Core/Src/main.c:177:6:stop_stopwatch	8	static
../Core/Src/main.c:183:6:send_distance_to_serial	64	static
../Core/Src/main.c:198:5:main	8	static
../Core/Src/main.c:225:6:SystemClock_Config	88	static
../Core/Src/main.c:272:13:MX_TIM2_Init	48	static
../Core/Src/main.c:330:13:MX_TIM3_Init	64	static
../Core/Src/main.c:389:13:MX_USART3_UART_Init	8	static
../Core/Src/main.c:422:13:MX_USB_OTG_FS_PCD_Init	8	static
../Core/Src/main.c:457:13:MX_GPIO_Init	56	static
../Core/Src/main.c:515:6:Error_Handler	4	static,ignoring_inline_asm
