../Core/Src/main.c:121:5:main	8	static
../Core/Src/main.c:185:6:SystemClock_Config	88	static
../Core/Src/main.c:232:13:MX_I2C1_Init	8	static
../Core/Src/main.c:266:13:MX_TIM2_Init	32	static
../Core/Src/main.c:327:13:MX_TIM3_Init	32	static
../Core/Src/main.c:373:13:MX_USART3_UART_Init	8	static
../Core/Src/main.c:406:13:MX_USB_OTG_FS_PCD_Init	8	static
../Core/Src/main.c:441:13:MX_GPIO_Init	56	static
../Core/Src/main.c:534:6:HAL_TIM_PeriodElapsedCallback	16	static
../Core/Src/main.c:543:6:HAL_GPIO_EXTI_Callback	16	static
../Core/Src/main.c:556:6:HAL_TIM_IC_CaptureCallback	32	static
../Core/Src/main.c:583:6:start_stopwatch	4	static
../Core/Src/main.c:590:6:stop_stopwatch	8	static
../Core/Src/main.c:596:6:delay_ms	24	static
../Core/Src/main.c:604:6:delay_us	24	static
../Core/Src/main.c:617:6:send_time_to_outputs	32	static
../Core/Src/main.c:633:6:toggleLED	16	static
../Core/Src/main.c:655:6:resetLEDs	8	static
../Core/Src/main.c:663:6:readSensor	16	static
../Core/Src/main.c:680:7:getDistanceInCm	32	static
../Core/Src/main.c:697:6:checkForDrone	32	static
../Core/Src/main.c:764:6:Error_Handler	4	static,ignoring_inline_asm
